Command: /home/yabi/.espressif/python_env/idf5.5_py3.14_env/bin/python /opt/esp-idf/tools/idf_monitor.py -p /dev/ttyUSB0 -b 115200 --toolchain-prefix riscv32-esp-elf- --target esp32c3 --revision 3 --decode-panic backtrace /home/yabi/skool/6900/prototyping/srx_testTX/build/srx_testTX.elf /home/yabi/skool/6900/prototyping/srx_testTX/build/bootloader/bootloader.elf -m '/home/yabi/.espressif/python_env/idf5.5_py3.14_env/bin/python' '/opt/esp-idf/tools/idf.py'
ddr=40383a2c size=0a650h ( 42576) load
[0;32mI (140) esp_image: segment 5: paddr=0004785c vaddr=50000000 size=00020h (    32) lo�ESP-ROM:esp32c3-eco7-20230720[0m
Build:Jul 20 2023
rst:0x1 (POWERON),boot:0xd (SPI_FAST_FLASH_BOOT)
SPIWP:0xee
mode:DIO, clock div:1
load:0x3fcd5820,len:0x15c4
load:0x403cbf10,len:0xc84
load:0x403ce710,len:0x2fd0
entry 0x403cbf1a
[0;32mI (31) boot: ESP-IDF HEAD-HASH-NOTFOUND 2nd stage bootloader[0m
[0;32mI (31) boot: compile time Mar  3 2026 09:07:10[0m
[0;32mI (31) boot: chip revision: v1.1[0m
[0;32mI (32) boot: efuse block revision: v1.3[0m
[0;32mI (36) boot.esp32c3: SPI Speed      : 80MHz[0m
[0;32mI (40) boot.esp32c3: SPI Mode       : DIO[0m
[0;32mI (44) boot.esp32c3: SPI Flash Size : 2MB[0m
[0;32mI (47) boot: Enabling RNG early entropy source...[0m
[0;32mI (52) boot: Partition Table:[0m
[0;32mI (54) boot: ## Label            Usage          Type ST Offset   Length[0m
[0;32mI (61) boot:  0 nvs              WiFi data        01 02 00009000 00006000[0m
[0;32mI (67) boot:  1 phy_init         RF data          01 01 0000f000 00001000[0m
[0;32mI (74) boot:  2 factory          factory app      00 00 00010000 00100000[0m
[0;32mI (80) boot: End of partition table[0m
[0;32mI (84) esp_image: segment 0: paddr=00010020 vaddr=3c020020 size=0b134h ( 45364) map[0m
[0;32mI (98) esp_image: segment 1: paddr=0001b15c vaddr=3fc8e200 size=01488h (  5256) load[0m
[0;32mI (99) esp_image: segment 2: paddr=0001c5ec vaddr=40380000 size=03a2ch ( 14892) load[0m
[0;32mI (109) esp_image: segment 3: paddr=00020020 vaddr=42000020 size=1d1dch (119260) map[0m
[0;32mI (132) esp_image: segment 4: paddr=0003d204 vaddr=40383a2c size=0a650h ( 42576) load[0m
[0;32mI (140) esp_image: segment 5: paddr=0004785c vaddr=50000000 size=00020h (    32) load[0m
[0;32mI (145) boot: Loaded app from partition at offset 0x10000[0m
[0;32mI (145) boot: Disabling RNG early entropy source...[0m
[0;32mI (158) cpu_start: Unicore app[0m
[0;32mI (166) cpu_start: GPIO 20 and 21 are used as console UART I/O pins[0m
[0;32mI (166) cpu_start: Pro cpu start user code[0m
[0;32mI (166) cpu_start: cpu freq: 160000000 Hz[0m
[0;32mI (168) app_init: Application information:[0m
[0;32mI (172) app_init: Project name:     srx_testTX[0m
[0;32mI (176) app_init: App version:      175b1ab-dirty[0m
[0;32mI (181) app_init: Compile time:     Mar  3 2026 09:07:05[0m
[0;32mI (186) app_init: ELF file SHA256:  83e8e6c17...[0m
[0;32mI (190) app_init: ESP-IDF:          HEAD-HASH-NOTFOUND[0m
[0;32mI (195) efuse_init: Min chip rev:     v0.3[0m
[0;32mI (199) efuse_init: Max chip rev:     v1.99 [0m
[0;32mI (203) efuse_init: Chip rev:         v1.1[0m
[0;32mI (207) heap_init: Initializing. RAM available for dynamic allocation:[0m
[0;32mI (213) heap_init: At 3FC90570 len 0002FA90 (190 KiB): RAM[0m
[0;32mI (218) heap_init: At 3FCC0000 len 0001C710 (113 KiB): Retention RAM[0m
[0;32mI (224) heap_init: At 3FCDC710 len 0000294C (10 KiB): Retention RAM[0m
[0;32mI (230) heap_init: At 50000020 len 00001FC8 (7 KiB): RTCRAM[0m
[0;32mI (236) spi_flash: detected chip: generic[0m
[0;32mI (239) spi_flash: flash io: dio[0m
[0;33mW (242) spi_flash: Detected size(4096k) larger than the size in the binary image header(2048k). Using the size in the binary image header.[0m
[0;32mI (254) sleep_gpio: Configure to isolate all GPIO pins in sleep state[0m
[0;32mI (260) sleep_gpio: Enable automatic switching of GPIO sleep configuration[0m
[0;32mI (267) main_task: Started on CPU0[0m
[0;32mI (277) main_task: Calling app_main()[0m
Initializing SX1276...
Radio init OK
TX success
TX success
TX success
TX success
TX success
TX success
TX success
TX success
TX success
TX success
TX success
TX success
TX success
TX success
TX success
TX success
TX success
TX success
TX success
TX success
TX success
TX success
TX success
TX success
TX success
TX success
TX success
TX success
TX success
TX success
TX success
TX success
TX success
TX success
TX success
TX success
TX success
TX success
TX success
TX success
TX success
TX success
TX success
TX success
TX success
TX success
TX success
TX success
TX success
TX success
TX success
TX success
TX success
TX success
TX success
TX success
TX success
TX success
TX success
TX success
TX success
TX success
TX success
TX success
TX success
TX success
TX success
TX success
TX success
TX success
TX success
TX success
TX success
TX success
TX success
TX success
TX success
TX success
TX success
TX success
TX success
TX success
TX success
TX success
TX success
TX success
TX success
TX success
TX success
TX success
TX success
TX success
TX success
TX success
TX success
TX success
TX success
TX success
TX success
TX success
TX success
TX success
TX success
TX success
TX success
TX success
TX success
TX success
TX success
TX success
TX success
TX success
TX success
TX success
TX success
TX success
TX success
TX success
TX success
TX success
TX success
TX success
TX success
TX success
TX success
TX success
TX success
TX success
TX success
TX success
TX success
TX success
TX success
TX success
TX success
TX success
TX success
TX success
TX success
TX success
TX success
TX success
TX success
TX success
TX success
TX success
TX success
TX success
TX success
TX success
TX success
TX success
TX success
TX success
TX success
TX success
TX success
TX success
TX success
TX success
TX success
TX success
TX success
TX success
TX success
TX success
TX success
TX success
TX success
TX success
TX success
TX success
TX success
TX success
TX success
TX success
TX success
TX success
TX success
TX success
TX success
TX success
TX success
TX success
TX success
TX success
TX success
TX success
TX success
TX success
TX success
TX success
TX success
TX success
TX success
TX success
TX success
TX success
TX success
TX success
TX success
