Command: /home/yabi/.espressif/python_env/idf5.5_py3.14_env/bin/python /opt/esp-idf/tools/idf_monitor.py -p /dev/ttyUSB0 -b 115200 --toolchain-prefix riscv32-esp-elf- --target esp32c3 --revision 3 --decode-panic backtrace /home/yabi/skool/6900/prototyping/lora-test1tx/build/lora-test1tx.elf /home/yabi/skool/6900/prototyping/lora-test1tx/build/bootloader/bootloader.elf -m '/home/yabi/.espressif/python_env/idf5.5_py3.14_env/bin/python' '/opt/esp-idf/tools/idf.py'
 boot: Disabling RNG early entropy source...
[0;32mI (152) cpu_start: Unicore app[0m
ESP-ROM:esp32c3-api1-20210207
Build:Feb  7 2021
rst:0x1 (POWERON),boot:0xc (SPI_FAST_FLASH_BOOT)
SPIWP:0xee
mode:DIO, clock div:1
load:0x3fcd5820,len:0x15c4
load:0x403cbf10,len:0xc84
load:0x403ce710,len:0x2fd0
entry 0x403cbf1a
[0;32mI (30) boot: ESP-IDF HEAD-HASH-NOTFOUND 2nd stage bootloader[0m
[0;32mI (30) boot: compile time Feb 15 2026 18:33:50[0m
[0;32mI (30) boot: chip revision: v0.3[0m
[0;32mI (31) boot: efuse block revision: v1.2[0m
[0;32mI (35) boot.esp32c3: SPI Speed      : 80MHz[0m
[0;32mI (39) boot.esp32c3: SPI Mode       : DIO[0m
[0;32mI (43) boot.esp32c3: SPI Flash Size : 2MB[0m
[0;32mI (46) boot: Enabling RNG early entropy source...[0m
[0;32mI (51) boot: Partition Table:[0m
[0;32mI (53) boot: ## Label            Usage          Type ST Offset   Length[0m
[0;32mI (60) boot:  0 nvs              WiFi data        01 02 00009000 00006000[0m
[0;32mI (66) boot:  1 phy_init         RF data          01 01 0000f000 00001000[0m
[0;32mI (73) boot:  2 factory          factory app      00 00 00010000 00100000[0m
[0;32mI (79) boot: End of partition table[0m
[0;32mI (83) esp_image: segment 0: paddr=00010020 vaddr=3c020020 size=09c38h ( 39992) map[0m
[0;32mI (96) esp_image: segment 1: paddr=00019c60 vaddr=3fc8d000 size=013a8h (  5032) load[0m
[0;32mI (98) esp_image: segment 2: paddr=0001b010 vaddr=40380000 size=05008h ( 20488) load[0m
[0;32mI (109) esp_image: segment 3: paddr=00020020 vaddr=42000020 size=1673ch ( 91964) map[0m
[0;32mI (127) esp_image: segment 4: paddr=00036764 vaddr=40385008 size=07e70h ( 32368) load[0m
[0;32mI (133) esp_image: segment 5: paddr=0003e5dc vaddr=50000000 size=00020h (    32) load[0m
[0;32mI (137) boot: Loaded app from partition at offset 0x10000[0m
[0;32mI (137) boot: Disabling RNG early entropy source...[0m
[0;32mI (152) cpu_start: Unicore app[0m
[0;32mI (160) cpu_start: GPIO 20 and 21 are used as console UART I/O pins[0m
[0;32mI (161) cpu_start: Pro cpu start user code[0m
[0;32mI (161) cpu_start: cpu freq: 160000000 Hz[0m
[0;32mI (163) app_init: Application information:[0m
[0;32mI (167) app_init: Project name:     lora-test1tx[0m
[0;32mI (171) app_init: App version:      1[0m
[0;32mI (174) app_init: Compile time:     Feb 15 2026 18:33:46[0m
[0;32mI (179) app_init: ELF file SHA256:  4e4e47849...[0m
[0;32mI (184) app_init: ESP-IDF:          HEAD-HASH-NOTFOUND[0m
[0;32mI (189) efuse_init: Min chip rev:     v0.3[0m
[0;32mI (192) efuse_init: Max chip rev:     v1.99 [0m
[0;32mI (196) efuse_init: Chip rev:         v0.3[0m
[0;32mI (200) heap_init: Initializing. RAM available for dynamic allocation:[0m
[0;32mI (207) heap_init: At 3FC8F280 len 00030D80 (195 KiB): RAM[0m
[0;32mI (212) heap_init: At 3FCC0000 len 0001C710 (113 KiB): Retention RAM[0m
[0;32mI (218) heap_init: At 3FCDC710 len 00002950 (10 KiB): Retention RAM[0m
[0;32mI (224) heap_init: At 50000020 len 00001FC8 (7 KiB): RTCRAM[0m
[0;32mI (230) spi_flash: detected chip: generic[0m
[0;32mI (233) spi_flash: flash io: dio[0m
[0;33mW (236) spi_flash: Detected size(4096k) larger than the size in the binary image header(2048k). Using the size in the binary image header.[0m
[0;32mI (248) sleep_gpio: Configure to isolate all GPIO pins in sleep state[0m
[0;32mI (254) sleep_gpio: Enable automatic switching of GPIO sleep configuration[0m
[0;32mI (261) main_task: Started on CPU0[0m
[0;32mI (271) main_task: Calling app_main()[0m
[0;32mI (271) main_task: Returned from app_main()[0m
[0;32mI (1291) RYLR998_TX_TEST: Recv from device str: +READY[0m
+ERR=4
+OK
+OK

[0;32mI (4411) RYLR998_TX_TEST: Recv from device str: +OK[0m

[0;32mI (7531) RYLR998_TX_TEST: Recv from device str: +OK[0m

[0;32mI (10651) RYLR998_TX_TEST: Recv from device str: +OK[0m

