Command: /home/yabi/.espressif/python_env/idf5.5_py3.14_env/bin/python /opt/esp-idf/tools/idf_monitor.py -p /dev/ttyUSB0 -b 115200 --toolchain-prefix riscv32-esp-elf- --target esp32c3 --revision 3 --decode-panic backtrace /home/yabi/skool/6900/prototyping/lora-temptx/build/lora-temptx.elf /home/yabi/skool/6900/prototyping/lora-temptx/build/bootloader/bootloader.elf -m '/home/yabi/.espressif/python_env/idf5.5_py3.14_env/bin/python' '/opt/esp-idf/tools/idf.py'
48130 vaddr=50000000 size=00020h (    32) load
[0;32mI (144) boot: Loaded app from partition at offset 0x10000[0m
[0;32mI (144) boot: Disabling RNG early entï¿½ESP-ROM:esp32c3-api1-20210207[0m
Build:Feb  7 2021
rst:0x1 (POWERON),boot:0xf (SPI_FAST_FLASH_BOOT)
SPIWP:0xee
mode:DIO, clock div:1
load:0x3fcd5820,len:0x15c4
load:0x403cbf10,len:0xc84
load:0x403ce710,len:0x2fd0
entry 0x403cbf1a
[0;32mI (30) boot: ESP-IDF HEAD-HASH-NOTFOUND 2nd stage bootloader[0m
[0;32mI (30) boot: compile time Feb 17 2026 02:57:49[0m
[0;32mI (30) boot: chip revision: v0.3[0m
[0;32mI (31) boot: efuse block revision: v1.2[0m
[0;32mI (35) boot.esp32c3: SPI Speed      : 80MHz[0m
[0;32mI (39) boot.esp32c3: SPI Mode       : DIO[0m
[0;32mI (43) boot.esp32c3: SPI Flash Size : 2MB[0m
[0;32mI (46) boot: Enabling RNG early entropy source...[0m
[0;32mI (51) boot: Partition Table:[0m
[0;32mI (53) boot: ## Label            Usage          Type ST Offset   Length[0m
[0;32mI (60) boot:  0 nvs              WiFi data        01 02 00009000 00006000[0m
[0;32mI (66) boot:  1 phy_init         RF data          01 01 0000f000 00001000[0m
[0;32mI (73) boot:  2 factory          factory app      00 00 00010000 00100000[0m
[0;32mI (79) boot: End of partition table[0m
[0;32mI (83) esp_image: segment 0: paddr=00010020 vaddr=3c020020 size=0bb70h ( 47984) map[0m
[0;32mI (98) esp_image: segment 1: paddr=0001bb98 vaddr=3fc8d400 size=013a8h (  5032) load[0m
[0;32mI (99) esp_image: segment 2: paddr=0001cf48 vaddr=40380000 size=030d0h ( 12496) load[0m
[0;32mI (107) esp_image: segment 3: paddr=00020020 vaddr=42000020 size=1deb8h (122552) map[0m
[0;32mI (132) esp_image: segment 4: paddr=0003dee0 vaddr=403830d0 size=0a248h ( 41544) load[0m
[0;32mI (140) esp_image: segment 5: paddr=00048130 vaddr=50000000 size=00020h (    32) load[0m
[0;32mI (144) boot: Loaded app from partition at offset 0x10000[0m
[0;32mI (144) boot: Disabling RNG early entropy source...[0m
[0;32mI (157) cpu_start: Unicore app[0m
[0;32mI (166) cpu_start: GPIO 20 and 21 are used as console UART I/O pins[0m
[0;32mI (166) cpu_start: Pro cpu start user code[0m
[0;32mI (166) cpu_start: cpu freq: 160000000 Hz[0m
[0;32mI (168) app_init: Application information:[0m
[0;32mI (172) app_init: Project name:     lora-temptx[0m
[0;32mI (176) app_init: App version:      1[0m
[0;32mI (179) app_init: Compile time:     Feb 17 2026 02:57:21[0m
[0;32mI (184) app_init: ELF file SHA256:  f3249e476...[0m
[0;32mI (189) app_init: ESP-IDF:          HEAD-HASH-NOTFOUND[0m
[0;32mI (194) efuse_init: Min chip rev:     v0.3[0m
[0;32mI (197) efuse_init: Max chip rev:     v1.99 [0m
[0;32mI (201) efuse_init: Chip rev:         v0.3[0m
[0;32mI (205) heap_init: Initializing. RAM available for dynamic allocation:[0m
[0;32mI (212) heap_init: At 3FC8F720 len 000308E0 (194 KiB): RAM[0m
[0;32mI (217) heap_init: At 3FCC0000 len 0001C710 (113 KiB): Retention RAM[0m
[0;32mI (223) heap_init: At 3FCDC710 len 00002950 (10 KiB): Retention RAM[0m
[0;32mI (229) heap_init: At 50000020 len 00001FC8 (7 KiB): RTCRAM[0m
[0;32mI (235) spi_flash: detected chip: generic[0m
[0;32mI (238) spi_flash: flash io: dio[0m
[0;33mW (241) spi_flash: Detected size(4096k) larger than the size in the binary image header(2048k). Using the size in the binary image header.[0m
[0;32mI (253) sleep_gpio: Configure to isolate all GPIO pins in sleep state[0m
[0;32mI (259) sleep_gpio: Enable automatic switching of GPIO sleep configuration[0m
[0;32mI (266) main_task: Started on CPU0[0m
[0;32mI (276) main_task: Calling app_main()[0m
[0;32mI (276) i2cdev: [Port 0] First initialization. Configuring bus with SDA=2, SCL=3 (Pullups SCL:0 SDA:0)[0m
[0;33mW (276) i2c.master: Please check pull-up resistances whether be connected properly. Otherwise unexpected behavior would happen. For more detailed information, please read docs[0m
[0;32mI (296) i2cdev: [Port 0] Successfully installed I2C master bus (Handle: 0x3fc91cd0).[0m
[0;32mI (306) i2cdev: [0x44 at 0] Device added successfully (Device Handle: 0x3fc921bc, Speed: 1000000 Hz).[0m
[0;32mI (1266) main_task: Returned from app_main()[0m
[0;32mI (1386) RYLR998_TX_TEST: Recv from device str: +READY[0m
+ERR=4
+OK
+OK

[0;32mI (3506) RYLR998_TX_TEST: Recv from device str: +OK[0m

[0;32mI (1291) RYLR998_RX_TEST: Recv from device str: +OK[0m
+OK
+OK
+OK

