Command: /home/yabi/.espressif/python_env/idf5.5_py3.14_env/bin/python /opt/esp-idf/tools/idf_monitor.py -p /dev/ttyUSB0 -b 115200 --toolchain-prefix riscv32-esp-elf- --target esp32c3 --revision 3 --decode-panic backtrace /home/yabi/skool/6900/prototyping/lora-temptx/build/lora-temptx.elf /home/yabi/skool/6900/prototyping/lora-temptx/build/bootloader/bootloader.elf -m '/home/yabi/.espressif/python_env/idf5.5_py3.14_env/bin/python' '/opt/esp-idf/tools/idf.py'
 cpu freq: 160000000 Hz
[0;32mI (168) app_init: Application information:[0m
[0;32mI (171) app_init: Prï¿½ESP-ROM:esp32c3-api1-20210207[0m
Build:Feb  7 2021
rst:0x1 (POWERON),boot:0xf (SPI_FAST_FLASH_BOOT)
SPIWP:0xee
mode:DIO, clock div:1
load:0x3fcd5820,len:0x15c4
load:0x403cbf10,len:0xc84
load:0x403ce710,len:0x2fd0
entry 0x403cbf1a
[0;32mI (30) boot: ESP-IDF HEAD-HASH-NOTFOUND 2nd stage bootloader[0m
[0;32mI (30) boot: compile time Feb 17 2026 02:57:49[0m
[0;32mI (30) boot: chip revision: v0.3[0m
[0;32mI (31) boot: efuse block revision: v1.2[0m
[0;32mI (35) boot.esp32c3: SPI Speed      : 80MHz[0m
[0;32mI (39) boot.esp32c3: SPI Mode       : DIO[0m
[0;32mI (43) boot.esp32c3: SPI Flash Size : 2MB[0m
[0;32mI (46) boot: Enabling RNG early entropy source...[0m
[0;32mI (51) boot: Partition Table:[0m
[0;32mI (53) boot: ## Label            Usage          Type ST Offset   Length[0m
[0;32mI (60) boot:  0 nvs              WiFi data        01 02 00009000 00006000[0m
[0;32mI (66) boot:  1 phy_init         RF data          01 01 0000f000 00001000[0m
[0;32mI (73) boot:  2 factory          factory app      00 00 00010000 00100000[0m
[0;32mI (79) boot: End of partition table[0m
[0;32mI (83) esp_image: segment 0: paddr=00010020 vaddr=3c020020 size=0b950h ( 47440) map[0m
[0;32mI (98) esp_image: segment 1: paddr=0001b978 vaddr=3fc8d400 size=013a8h (  5032) load[0m
[0;32mI (99) esp_image: segment 2: paddr=0001cd28 vaddr=40380000 size=032f0h ( 13040) load[0m
[0;32mI (107) esp_image: segment 3: paddr=00020020 vaddr=42000020 size=1d9b8h (121272) map[0m
[0;32mI (132) esp_image: segment 4: paddr=0003d9e0 vaddr=403832f0 size=0a028h ( 41000) load[0m
[0;32mI (139) esp_image: segment 5: paddr=00047a10 vaddr=50000000 size=00020h (    32) load[0m
[0;32mI (144) boot: Loaded app from partition at offset 0x10000[0m
[0;32mI (144) boot: Disabling RNG early entropy source...[0m
[0;32mI (157) cpu_start: Unicore app[0m
[0;32mI (165) cpu_start: GPIO 20 and 21 are used as console UART I/O pins[0m
[0;32mI (166) cpu_start: Pro cpu start user code[0m
[0;32mI (166) cpu_start: cpu freq: 160000000 Hz[0m
[0;32mI (168) app_init: Application information:[0m
[0;32mI (171) app_init: Project name:     lora-temptx[0m
[0;32mI (176) app_init: App version:      1[0m
[0;32mI (179) app_init: Compile time:     Feb 17 2026 02:57:21[0m
[0;32mI (184) app_init: ELF file SHA256:  a3cb6f453...[0m
[0;32mI (188) app_init: ESP-IDF:          HEAD-HASH-NOTFOUND[0m
[0;32mI (193) efuse_init: Min chip rev:     v0.3[0m
[0;32mI (197) efuse_init: Max chip rev:     v1.99 [0m
[0;32mI (201) efuse_init: Chip rev:         v0.3[0m
[0;32mI (205) heap_init: Initializing. RAM available for dynamic allocation:[0m
[0;32mI (211) heap_init: At 3FC8F700 len 00030900 (194 KiB): RAM[0m
[0;32mI (216) heap_init: At 3FCC0000 len 0001C710 (113 KiB): Retention RAM[0m
[0;32mI (222) heap_init: At 3FCDC710 len 00002950 (10 KiB): Retention RAM[0m
[0;32mI (228) heap_init: At 50000020 len 00001FC8 (7 KiB): RTCRAM[0m
[0;32mI (235) spi_flash: detected chip: generic[0m
[0;32mI (238) spi_flash: flash io: dio[0m
[0;33mW (240) spi_flash: Detected size(4096k) larger than the size in the binary image header(2048k). Using the size in the binary image header.[0m
[0;32mI (253) sleep_gpio: Configure to isolate all GPIO pins in sleep state[0m
[0;32mI (259) sleep_gpio: Enable automatic switching of GPIO sleep configuration[0m
[0;32mI (266) main_task: Started on CPU0[0m
[0;32mI (276) main_task: Calling app_main()[0m
[1;31mE (1176) i2cdev: [0x00 at 0] Attempt to take NULL device mutex![0m
ESP_ERROR_CHECK failed: esp_err_t 0x103 (ESP_ERR_INVALID_STATE) at 0x4200b52c
file: "./main/lora-temptx.c" line 98
func: temp_task
expression: sht4x_start_measurement(&dev)

abort() was called at PC 0x40384909 on core 0
Core  0 register dump:
MEPC    : 0x40384954  RA      : 0x40384912  SP      : 0x3fc945f0  GP      : 0x3fc8dc00  
TP      : 0x3fc946c0  T0      : 0x37363534  T1      : 0x7271706f  T2      : 0x33323130  
S0/FP   : 0x00000004  S1      : 0x3fc94654  A0      : 0x3fc9461c  A1      : 0x3fc94652  
A2      : 0x00000000  A3      : 0x3fc94649  A4      : 0x00000001  A5      : 0x3fc8f000  
A6      : 0x7a797877  A7      : 0x76757473  S2      : 0x00000000  S3      : 0x00000000  
S4      : 0x00000000  S5      : 0x00000000  S6      : 0x00000000  S7      : 0x00000000  
S8      : 0x00000000  S9      : 0x00000000  S10     : 0x00000000  S11     : 0x00000000  
T3      : 0x6e6d6c6b  T4      : 0x6a696867  T5      : 0x66656463  T6      : 0x62613938  
MSTATUS : 0x00001881  MTVEC   : 0x40380001  MCAUSE  : 0x00000002  MTVAL   : 0x00000000  
MHARTID : 0x00000000  

add symbol table from file "/home/yabi/skool/6900/prototyping/lora-temptx/build/bootloader/bootloader.elf"
panic_abort (details=details@entry=0x3fc9461c "abort() was called at PC 0x40384909 on core 0") at /opt/esp-idf/components/esp_system/panic.c:491
491	    asm("unimp");   // should be an invalid operation on RISC-V targets
#0  panic_abort (details=details@entry=0x3fc9461c "abort() was called at PC 0x40384909 on core 0") at /opt/esp-idf/components/esp_system/panic.c:491
#1  0x40384912 in esp_system_abort (details=details@entry=0x3fc9461c "abort() was called at PC 0x40384909 on core 0") at /opt/esp-idf/components/esp_system/port/esp_system_chip.c:87
#2  0x4038b394 in abort () at /opt/esp-idf/components/newlib/src/abort.c:38
#3  0x4038490c in _esp_error_check_failed (rc=<optimized out>, file=file@entry=0x3c02500c "", line=line@entry=98, function=function@entry=0x3c029f84 <__func__.0> "", expression=expression@entry=0x3c024fec "") at /opt/esp-idf/components/esp_system/esp_err.c:49
#4  0x4200b530 in temp_task (arg=<error reading variable: value has been optimized out>) at /home/yabi/skool/6900/prototyping/lora-temptx/main/lora-temptx.c:98
#5  0x40385a9e in vPortTaskWrapper (pxCode=<optimized out>, pvParameters=<optimized out>) at /opt/esp-idf/components/freertos/FreeRTOS-Kernel/portable/riscv/port.c:255



ELF file SHA256: a3cb6f453

Rebooting...
ESP-ROM:esp32c3-api1-20210207
Build:Feb  7 2021
rst:0xc (RTC_SW_CPU_RST),boot:0xf (SPI_FAST_FLASH_BOOT)
Saved PC:0x40384a3a
SPIWP:0xee
mode:DIO, clock div:1
load:0x3fcd5820,len:0x15c4
load:0x403cbf10,len:0xc84
load:0x403ce710,len:0x2fd0
entry 0x403cbf1a
[0;32mI (35) boot: ESP-IDF HEAD-HASH-NOTFOUND 2nd stage bootloader[0m
[0;32mI (35) boot: compile time Feb 17 2026 02:57:49[0m
[0;32mI (35) boot: chip revision: v0.3[0m
[0;32mI (36) boot: efuse block revision: v1.2[0m
[0;32mI (40) boot.esp32c3: SPI Speed      : 80MHz[0m
[0;32mI (44) boot.esp32c3: SPI Mode       : DIO[0m
[0;32mI (47) boot.esp32c3: SPI Flash Size : 2MB[0m
[0;32mI (51) boot: Enabling RNG early entropy source...[0m
[0;32mI (56) boot: Partition Table:[0m
[0;32mI (58) boot: ## Label            Usage          Type ST Offset   Length[0m
[0;32mI (65) boot:  0 nvs              WiFi data        01 02 00009000 00006000[0m
[0;32mI (71) boot:  1 phy_init         RF data          01 01 0000f000 00001000[0m
[0;32mI (78) boot:  2 factory          factory app      00 00 00010000 00100000[0m
[0;32mI (84) boot: End of partition table[0m
[0;32mI (87) esp_image: segment 0: paddr=00010020 vaddr=3c020020 size=0b950h ( 47440) map[0m
[0;32mI (102) esp_image: segment 1: paddr=0001b978 vaddr=3fc8d400 size=013a8h (  5032) load[0m
[0;32mI (104) esp_image: segment 2: paddr=0001cd28 vaddr=40380000 size=032f0h ( 13040) load[0m
[0;32mI (112) esp_image: segment 3: paddr=00020020 vaddr=42000020 size=1d9b8h (121272) map[0m
[0;32mI (137) esp_image: segment 4: paddr=0003d9e0 vaddr=403832f0 size=0a028h ( 41000) load[0m
[0;32mI (144) esp_image: segment 5: paddr=00047a10 vaddr=50000000 size=00020h (    32) load[0m
[0;32mI (149) boot: Loaded app from partition at offset 0x10000[0m
[0;32mI (149) boot: Disabling RNG early entropy source...[0m
[0;32mI (162) cpu_start: Unicore app[0m
[0;32mI (170) cpu_start: GPIO 20 and 21 are used as console UART I/O pins[0m
[0;32mI (171) cpu_start: Pro cpu start user code[0m
[0;32mI (171) cpu_start: cpu freq: 160000000 Hz[0m
[0;32mI (173) app_init: Application information:[0m
[0;32mI (176) app_init: Project name:     lora-temptx[0m
[0;32mI (181) app_init: App version:      1[0m
[0;32mI (184) app_init: Compile time:     Feb 17 2026 02:57:21[0m
[0;32mI (189) app_init: ELF file SHA256:  a3cb6f453...[0m
[0;32mI (193) app_init: ESP-IDF:          HEAD-HASH-NOTFOUND[0m
[0;32mI (198) efuse_init: Min chip rev:     v0.3[0m
[0;32mI (202) efuse_init: Max chip rev:     v1.99 [0m
[0;32mI (206) efuse_init: Chip rev:         v0.3[0m
[0;32mI (210) heap_init: Initializing. RAM available for dynamic allocation:[0m
[0;32mI (216) heap_init: At 3FC8F700 len 00030900 (194 KiB): RAM[0m
[0;32mI (221) heap_init: At 3FCC0000 len 0001C710 (113 KiB): Retention RAM[0m
[0;32mI (227) heap_init: At 3FCDC710 len 00002950 (10 KiB): Retention RAM[0m
[0;32mI (233) heap_init: At 50000020 len 00001FC8 (7 KiB): RTCRAM[0m
[0;32mI (240) spi_flash: detected chip: generic[0m
[0;32mI (243) spi_flash: flash io: dio[0m
[0;33mW (245) spi_flash: Detected size(4096k) larger than the size in the binary image header(2048k). Using the size in the binary image header.[0m
[0;32mI (258) sleep_gpio: Configure to isolate all GPIO pins in sleep state[0m
[0;32mI (264) sleep_gpio: Enable automatic switching of GPIO sleep configuration[0m
[0;32mI (271) main_task: Started on CPU0[0m
[0;32mI (281) main_task: Calling app_main()[0m
[1;31mE (1181) i2cdev: [0x00 at 0] Attempt to take NULL device mutex![0m
ESP_ERROR_CHECK failed: esp_err_t 0x103 (ESP_ERR_INVALID_STATE) at 0x4200b52c
file: "./main/lora-temptx.c" line 98
func: temp_task
expression: sht4x_start_measurement(&dev)

abort() was called at PC 0x40384909 on core 0
Core  0 register dump:
MEPC    : 0x40384954  RA      : 0x40384912  SP      : 0x3fc945f0  GP      : 0x3fc8dc00  
TP      : 0x3fc946c0  T0      : 0x37363534  T1      : 0x7271706f  T2      : 0x33323130  
S0/FP   : 0x00000004  S1      : 0x3fc94654  A0      : 0x3fc9461c  A1      : 0x3fc94652  
A2      : 0x00000000  A3      : 0x3fc94649  A4      : 0x00000001  A5      : 0x3fc8f000  
A6      : 0x7a797877  A7      : 0x76757473  S2      : 0x00000000  S3      : 0x00000000  
S4      : 0x00000000  S5      : 0x00000000  S6      : 0x00000000  S7      : 0x00000000  
S8      : 0x00000000  S9      : 0x00000000  S10     : 0x00000000  S11     : 0x00000000  
T3      : 0x6e6d6c6b  T4      : 0x6a696867  T5      : 0x66656463  T6      : 0x62613938  
MSTATUS : 0x00001881  MTVEC   : 0x40380001  MCAUSE  : 0x00000002  MTVAL   : 0x00000000  
MHARTID : 0x00000000  

add symbol table from file "/home/yabi/skool/6900/prototyping/lora-temptx/build/bootloader/bootloader.elf"
panic_abort (details=details@entry=0x3fc9461c "abort() was called at PC 0x40384909 on core 0") at /opt/esp-idf/components/esp_system/panic.c:491
491	    asm("unimp");   // should be an invalid operation on RISC-V targets
#0  panic_abort (details=details@entry=0x3fc9461c "abort() was called at PC 0x40384909 on core 0") at /opt/esp-idf/components/esp_system/panic.c:491
#1  0x40384912 in esp_system_abort (details=details@entry=0x3fc9461c "abort() was called at PC 0x40384909 on core 0") at /opt/esp-idf/components/esp_system/port/esp_system_chip.c:87
#2  0x4038b394 in abort () at /opt/esp-idf/components/newlib/src/abort.c:38
#3  0x4038490c in _esp_error_check_failed (rc=<optimized out>, file=file@entry=0x3c02500c "", line=line@entry=98, function=function@entry=0x3c029f84 <__func__.0> "", expression=expression@entry=0x3c024fec "") at /opt/esp-idf/components/esp_system/esp_err.c:49
#4  0x4200b530 in temp_task (arg=<error reading variable: value has been optimized out>) at /home/yabi/skool/6900/prototyping/lora-temptx/main/lora-temptx.c:98
#5  0x40385a9e in vPortTaskWrapper (pxCode=<optimized out>, pvParameters=<optimized out>) at /opt/esp-idf/components/freertos/FreeRTOS-Kernel/portable/riscv/port.c:255



ELF file SHA256: a3cb6f453

Rebooting...
ESP-ROM:esp32c3-api1-20210207
Build:Feb  7 2021
rst:0xc (RTC_SW_CPU_RST),boot:0xf (SPI_FAST_FLASH_BOOT)
Saved PC:0x40384a3a
SPIWP:0xee
mode:DIO, clock div:1
load:0x3fcd5820,len:0x15c4
load:0x403cbf10,len:0xc84
load:0x403ce710,len:0x2fd0
entry 0x403cbf1a
[0;32mI (35) boot: ESP-IDF HEAD-HASH-NOTFOUND 2nd stage bootloader[0m
[0;32mI (35) boot: compile time Feb 17 2026 02:57:49[0m
[0;32mI (35) boot: chip revision: v0.3[0m
[0;32mI (36) boot: efuse block revision: v1.2[0m
[0;32mI (40) boot.esp32c3: SPI Speed      : 80MHz[0m
[0;32mI (44) boot.esp32c3: SPI Mode       : DIO[0m
[0;32mI (47) boot.esp32c3: SPI Flash Size : 2MB[0m
[0;32mI (51) boot: Enabling RNG early entropy source...[0m
[0;32mI (56) boot: Partition Table:[0m
[0;32mI (58) boot: ## Label            Usage          Type ST Offset   Length[0m
[0;32mI (65) boot:  0 nvs              WiFi data        01 02 00009000 00006000[0m
[0;32mI (71) boot:  1 phy_init         RF data          01 01 0000f000 00001000[0m
[0;32mI (78) boot:  2 factory          factory app      00 00 00010000 00100000[0m
[0;32mI (84) boot: End of partition table[0m
[0;32mI (87) esp_image: segment 0: paddr=00010020 vaddr=3c020020 size=0b950h ( 47440) map[0m
[0;32mI (102) esp_image: segment 1: paddr=0001b978 vaddr=3fc8d400 size=013a8h (  5032) load[0m
[0;32mI (104) esp_image: segment 2: paddr=0001cd28 vaddr=40380000 size=032f0h ( 13040) load[0m
[0;32mI (112) esp_image: segment 3: paddr=00020020 vaddr=42000020 size=1d9b8h (121272) map[0m
[0;32mI (137) esp_image: segment 4: paddr=0003d9e0 vaddr=403832f0 size=0a028h ( 41000) load[0m
[0;32mI (144) esp_image: segment 5: paddr=00047a10 vaddr=50000000 size=00020h (    32) load[0m
[0;32mI (149) boot: Loaded app from partition at offset 0x10000[0m
[0;32mI (149) boot: Disabling RNG early entropy source...[0m
[0;32mI (162) cpu_start: Unicore app[0m
[0;32mI (170) cpu_start: GPIO 20 and 21 are used as console UART I/O pins[0m
[0;32mI (171) cpu_start: Pro cpu start user code[0m
[0;32mI (171) cpu_start: cpu freq: 160000000 Hz[0m
[0;32mI (173) app_init: Application information:[0m
[0;32mI (176) app_init: Project name:     lora-temptx[0m
[0;32mI (181) app_init: App version:      1[0m
[0;32mI (184) app_init: Compile time:     Feb 17 2026 02:57:21[0m
[0;32mI (189) app_init: ELF file SHA256:  a3cb6f453...[0m
[0;32mI (193) app_init: ESP-IDF:          HEAD-HASH-NOTFOUND[0m
[0;32mI (198) efuse_init: Min chip rev:     v0.3[0m
[0;32mI (202) efuse_init: Max chip rev:     v1.99 [0m
[0;32mI (206) efuse_init: Chip rev:         v0.3[0m
[0;32mI (210) heap_init: Initializing. RAM available for dynamic allocation:[0m
[0;32mI (216) heap_init: At 3FC8F700 len 00030900 (194 KiB): RAM[0m
[0;32mI (221) heap_init: At 3FCC0000 len 0001C710 (113 KiB): Retention RAM[0m
[0;32mI (227) heap_init: At 3FCDC710 len 00002950 (10 KiB): Retention RAM[0m
[0;32mI (233) heap_init: At 50000020 len 00001FC8 (7 KiB): RTCRAM[0m
[0;32mI (240) spi_flash: detected chip: generic[0m
[0;32mI (243) spi_flash: flash io: dio[0m
[0;33mW (245) spi_flash: Detected size(4096k) larger than the size in the binary image header(2048k). Using the size in the binary image header.[0m
[0;32mI (258) sleep_gpio: Configure to isolate all GPIO pins in sleep state[0m
[0;32mI (264) sleep_gpio: Enable automatic switching of GPIO sleep configuration[0m
[0;32mI (271) main_task: Started on CPU0[0m
[0;32mI (281) main_task: Calling app_main()[0m
[1;31mE (1181) i2cdev: [0x00 at 0] Attempt to take NULL device mutex![0m
ESP_ERROR_CHECK failed: esp_err_t 0x103 (ESP_ERR_INVALID_STATE) at 0x4200b52c
file: "./main/lora-temptx.c" line 98
func: temp_task
expression: sht4x_start_measurement(&dev)

abort() was called at PC 0x40384909 on core 0
Core  0 register dump:
MEPC    : 0x40384954  RA      : 0x40384912  SP      : 0x3fc945f0  GP      : 0x3fc8dc00  
TP      : 0x3fc946c0  T0      : 0x37363534  T1      : 0x7271706f  T2      : 0x33323130  
S0/FP   : 0x00000004  S1      : 0x3fc94654  A0      : 0x3fc9461c  A1      : 0x3fc94652  
A2      : 0x00000000  A3      : 0x3fc94649  A4      : 0x00000001  A5      : 0x3fc8f000  
A6      : 0x7a797877  A7      : 0x76757473  S2      : 0x00000000  S3      : 0x00000000  
S4      : 0x00000000  S5      : 0x00000000  S6      : 0x00000000  S7      : 0x00000000  
S8      : 0x00000000  S9      : 0x00000000  S10     : 0x00000000  S11     : 0x00000000  
T3      : 0x6e6d6c6b  T4      : 0x6a696867  T5      : 0x66656463  T6      : 0x62613938  
MSTATUS : 0x00001881  MTVEC   : 0x40380001  MCAUSE  : 0x00000002  MTVAL   : 0x00000000  
MHARTID : 0x00000000  

add symbol table from file "/home/yabi/skool/6900/prototyping/lora-temptx/build/bootloader/bootloader.elf"
panic_abort (details=details@entry=0x3fc9461c "abort() was called at PC 0x40384909 on core 0") at /opt/esp-idf/components/esp_system/panic.c:491
491	    asm("unimp");   // should be an invalid operation on RISC-V targets
#0  panic_abort (details=details@entry=0x3fc9461c "abort() was called at PC 0x40384909 on core 0") at /opt/esp-idf/components/esp_system/panic.c:491
#1  0x40384912 in esp_system_abort (details=details@entry=0x3fc9461c "abort() was called at PC 0x40384909 on core 0") at /opt/esp-idf/components/esp_system/port/esp_system_chip.c:87
#2  0x4038b394 in abort () at /opt/esp-idf/components/newlib/src/abort.c:38
#3  0x4038490c in _esp_error_check_failed (rc=<optimized out>, file=file@entry=0x3c02500c "", line=line@entry=98, function=function@entry=0x3c029f84 <__func__.0> "", expression=expression@entry=0x3c024fec "") at /opt/esp-idf/components/esp_system/esp_err.c:49
#4  0x4200b530 in temp_task (arg=<error reading variable: value has been optimized out>) at /home/yabi/skool/6900/prototyping/lora-temptx/main/lora-temptx.c:98
#5  0x40385a9e in vPortTaskWrapper (pxCode=<optimized out>, pvParameters=<optimized out>) at /opt/esp-idf/components/freertos/FreeRTOS-Kernel/portable/riscv/port.c:255



ELF file SHA256: a3cb6f453

Rebooting...
ESP-ROM:esp32c3-api1-20210207
Build:Feb  7 2021
rst:0xc (RTC_SW_CPU_RST),boot:0xf (SPI_FAST_FLASH_BOOT)
Saved PC:0x40384a3a
SPIWP:0xee
mode:DIO, clock div:1
load:0x3fcd5820,len:0x15c4
load:0x403cbf10,len:0xc84
load:0x403ce710,len:0x2fd0
entry 0x403cbf1a
[0;32mI (35) boot: ESP-IDF HEAD-HASH-NOTFOUND 2nd stage bootloader[0m
[0;32mI (35) boot: compile time Feb 17 2026 02:57:49[0m
[0;32mI (35) boot: chip revision: v0.3[0m
[0;32mI (36) boot: efuse block revision: v1.2[0m
[0;32mI (40) boot.esp32c3: SPI Speed      : 80MHz[0m
[0;32mI (44) boot.esp32c3: SPI Mode       : DIO[0m
[0;32mI (47) boot.esp32c3: SPI Flash Size : 2MB[0m
[0;32mI (51) boot: Enabling RNG early entropy source...[0m
[0;32mI (56) boot: Partition Table:[0m
[0;32mI (58) boot: ## Label            Usage          Type ST Offset   Length[0m
[0;32mI (65) boot:  0 nvs              WiFi data        01 02 00009000 00006000[0m
[0;32mI (71) boot:  1 phy_init         RF data          01 01 0000f000 00001000[0m
[0;32mI (78) boot:  2 factory          factory app      00 00 00010000 00100000[0m
[0;32mI (84) boot: End of partition table[0m
[0;32mI (87) esp_image: segment 0: paddr=00010020 vaddr=3c020020 size=0b950h ( 47440) map[0m
[0;32mI (102) esp_image: segment 1: paddr=0001b978 vaddr=3fc8d400 size=013a8h (  5032) load[0m
[0;32mI (104) esp_image: segment 2: paddr=0001cd28 vaddr=40380000 size=032f0h ( 13040) load[0m
[0;32mI (112) esp_image: segment 3: paddr=00020020 vaddr=42000020 size=1d9b8h (121272) map[0m
[0;32mI (137) esp_image: segment 4: paddr=0003d9e0 vaddr=403832f0 size=0a028h ( 41000) load[0m
[0;32mI (144) esp_image: segment 5: paddr=00047a10 vaddr=50000000 size=00020h (    32) load[0m
[0;32mI (149) boot: Loaded app from partition at offset 0x10000[0m
[0;32mI (149) boot: Disabling RNG early entropy source...[0m
[0;32mI (162) cpu_start: Unicore app[0m
[0;32mI (170) cpu_start: GPIO 20 and 21 are used as console UART I/O pins[0m
[0;32mI (171) cpu_start: Pro cpu start user code[0m
[0;32mI (171) cpu_start: cpu freq: 160000000 Hz[0m
[0;32mI (173) app_init: Application information:[0m
[0;32mI (176) app_init: Project name:     lora-temptx[0m
[0;32mI (181) app_init: App version:      1[0m
[0;32mI (184) app_init: Compile time:     Feb 17 2026 02:57:21[0m
[0;32mI (189) app_init: ELF file SHA256:  a3cb6f453...[0m
[0;32mI (193) app_init: ESP-IDF:          HEAD-HASH-NOTFOUND[0m
[0;32mI (198) efuse_init: Min chip rev:     v0.3[0m
[0;32mI (202) efuse_init: Max chip rev:     v1.99 [0m
[0;32mI (206) efuse_init: Chip rev:         v0.3[0m
[0;32mI (210) heap_init: Initializing. RAM available for dynamic allocation:[0m
[0;32mI (216) heap_init: At 3FC8F700 len 00030900 (194 KiB): RAM[0m
[0;32mI (221) heap_init: At 3FCC0000 len 0001C710 (113 KiB): Retention RAM[0m
[0;32mI (227) heap_init: At 3FCDC710 len 00002950 (10 KiB): Retention RAM[0m
[0;32mI (233) heap_init: At 50000020 len 00001FC8 (7 KiB): RTCRAM[0m
[0;32mI (240) spi_flash: detected chip: generic[0m
[0;32mI (243) spi_flash: flash io: dio[0m
[0;33mW (245) spi_flash: Detected size(4096k) larger than the size in the binary image header(2048k). Using the size in the binary image header.[0m
[0;32mI (258) sleep_gpio: Configure to isolate all GPIO pins in sleep state[0m
[0;32mI (264) sleep_gpio: Enable automatic switching of GPIO sleep configuration[0m
[0;32mI (271) main_task: Started on CPU0[0m
[0;32mI (281) main_task: Calling app_main()[0m
[1;31mE (1181) i2cdev: [0x00 at 0] Attempt to take NULL device mutex![0m
ESP_ERROR_CHECK failed: esp_err_t 0x103 (ESP_ERR_INVALID_STATE) at 0x4200b52c
file: "./main/lora-temptx.c" line 98
func: temp_task
expression: sht4x_start_measurement(&dev)

abort() was called at PC 0x40384909 on core 0
Core  0 register dump:
MEPC    : 0x40384954  RA      : 0x40384912  SP      : 0x3fc945f0  GP      : 0x3fc8dc00  
TP      : 0x3fc946c0  T0      : 0x37363534  T1      : 0x7271706f  T2      : 0x33323130  
S0/FP   : 0x00000004  S1      : 0x3fc94654  A0      : 0x3fc9461c  A1      : 0x3fc94652  
A2      : 0x00000000  A3      : 0x3fc94649  A4      : 0x00000001  A5      : 0x3fc8f000  
A6      : 0x7a797877  A7      : 0x76757473  S2      : 0x00000000  S3      : 0x00000000  
S4      : 0x00000000  S5      : 0x00000000  S6      : 0x00000000  S7      : 0x00000000  
S8      : 0x00000000  S9      : 0x00000000  S10     : 0x00000000  S11     : 0x00000000  
T3      : 0x6e6d6c6b  T4      : 0x6a696867  T5      : 0x66656463  T6      : 0x62613938  
MSTATUS : 0x00001881  MTVEC   : 0x40380001  MCAUSE  : 0x00000002  MTVAL   : 0x00000000  
MHARTID : 0x00000000  

