Command: /home/yabi/.espressif/python_env/idf5.5_py3.14_env/bin/python /opt/esp-idf/tools/idf_monitor.py -p /dev/ttyUSB0 -b 115200 --toolchain-prefix riscv32-esp-elf- --target esp32c3 --revision 3 --decode-panic backtrace /home/yabi/skool/6900/prototyping/lora-temptx/build/lora-temptx.elf /home/yabi/skool/6900/prototyping/lora-temptx/build/bootloader/bootloader.elf -m '/home/yabi/.espressif/python_env/idf5.5_py3.14_env/bin/python' '/opt/esp-idf/tools/idf.py'
ins
[0;32mI (163) cpu_start: Pro cpu start user code[0m
[0;32mI (163) cpu_start: cpu freq: 160000000 Hzï¿½ESP-ROM:esp32c3-api1-20210207[0m
Build:Feb  7 2021
rst:0x1 (POWERON),boot:0xf (SPI_FAST_FLASH_BOOT)
SPIWP:0xee
mode:DIO, clock div:1
load:0x3fcd5820,len:0x15c4
load:0x403cbf10,len:0xc84
load:0x403ce710,len:0x2fd0
entry 0x403cbf1a
[0;32mI (30) boot: ESP-IDF HEAD-HASH-NOTFOUND 2nd stage bootloader[0m
[0;32mI (30) boot: compile time Feb 17 2026 02:57:49[0m
[0;32mI (30) boot: chip revision: v0.3[0m
[0;32mI (31) boot: efuse block revision: v1.2[0m
[0;32mI (35) boot.esp32c3: SPI Speed      : 80MHz[0m
[0;32mI (39) boot.esp32c3: SPI Mode       : DIO[0m
[0;32mI (43) boot.esp32c3: SPI Flash Size : 2MB[0m
[0;32mI (46) boot: Enabling RNG early entropy source...[0m
[0;32mI (51) boot: Partition Table:[0m
[0;32mI (53) boot: ## Label            Usage          Type ST Offset   Length[0m
[0;32mI (60) boot:  0 nvs              WiFi data        01 02 00009000 00006000[0m
[0;32mI (66) boot:  1 phy_init         RF data          01 01 0000f000 00001000[0m
[0;32mI (73) boot:  2 factory          factory app      00 00 00010000 00100000[0m
[0;32mI (79) boot: End of partition table[0m
[0;32mI (83) esp_image: segment 0: paddr=00010020 vaddr=3c020020 size=09e80h ( 40576) map[0m
[0;32mI (96) esp_image: segment 1: paddr=00019ea8 vaddr=3fc8d000 size=013a8h (  5032) load[0m
[0;32mI (98) esp_image: segment 2: paddr=0001b258 vaddr=40380000 size=04dc0h ( 19904) load[0m
[0;32mI (108) esp_image: segment 3: paddr=00020020 vaddr=42000020 size=1918ch (102796) map[0m
[0;32mI (129) esp_image: segment 4: paddr=000391b4 vaddr=40384dc0 size=080b8h ( 32952) load[0m
[0;32mI (135) esp_image: segment 5: paddr=00041274 vaddr=50000000 size=00020h (    32) load[0m
[0;32mI (139) boot: Loaded app from partition at offset 0x10000[0m
[0;32mI (139) boot: Disabling RNG early entropy source...[0m
[0;32mI (154) cpu_start: Unicore app[0m
[0;32mI (162) cpu_start: GPIO 20 and 21 are used as console UART I/O pins[0m
[0;32mI (163) cpu_start: Pro cpu start user code[0m
[0;32mI (163) cpu_start: cpu freq: 160000000 Hz[0m
[0;32mI (164) app_init: Application information:[0m
[0;32mI (168) app_init: Project name:     lora-temptx[0m
[0;32mI (173) app_init: App version:      1[0m
[0;32mI (176) app_init: Compile time:     Feb 17 2026 02:57:21[0m
[0;32mI (181) app_init: ELF file SHA256:  c5f03302e...[0m
[0;32mI (185) app_init: ESP-IDF:          HEAD-HASH-NOTFOUND[0m
[0;32mI (190) efuse_init: Min chip rev:     v0.3[0m
[0;32mI (194) efuse_init: Max chip rev:     v1.99 [0m
[0;32mI (198) efuse_init: Chip rev:         v0.3[0m
[0;32mI (202) heap_init: Initializing. RAM available for dynamic allocation:[0m
[0;32mI (208) heap_init: At 3FC8F280 len 00030D80 (195 KiB): RAM[0m
[0;32mI (213) heap_init: At 3FCC0000 len 0001C710 (113 KiB): Retention RAM[0m
[0;32mI (219) heap_init: At 3FCDC710 len 00002950 (10 KiB): Retention RAM[0m
[0;32mI (225) heap_init: At 50000020 len 00001FC8 (7 KiB): RTCRAM[0m
[0;32mI (232) spi_flash: detected chip: generic[0m
[0;32mI (234) spi_flash: flash io: dio[0m
[0;33mW (237) spi_flash: Detected size(4096k) larger than the size in the binary image header(2048k). Using the size in the binary image header.[0m
[0;32mI (250) sleep_gpio: Configure to isolate all GPIO pins in sleep state[0m
[0;32mI (256) sleep_gpio: Enable automatic switching of GPIO sleep configuration[0m
[0;32mI (263) main_task: Started on CPU0[0m
[0;32mI (273) main_task: Calling app_main()[0m
[0;32mI (1173) main_task: Returned from app_main()[0m
[0;32mI (1293) RYLR998_TX_TEST: Recv from device str: +READY[0m
+ERR=4
+OK
+OK

[0;32mI (4413) RYLR998_TX_TEST: Recv from device str: +OK[0m

[0;32mI (7533) RYLR998_TX_TEST: Recv from device str: +OK[0m

