Command: /home/yabi/.espressif/python_env/idf5.5_py3.14_env/bin/python /opt/esp-idf/tools/idf_monitor.py -p /dev/ttyUSB0 -b 115200 --toolchain-prefix riscv32-esp-elf- --target esp32c3 --revision 3 --decode-panic backtrace /home/yabi/skool/6900/prototyping/lora-test1rx/build/lora-test1rx.elf /home/yabi/skool/6900/prototyping/lora-test1rx/build/bootloader/bootloader.elf -m '/home/yabi/.espressif/python_env/idf5.5_py3.14_env/bin/python' '/opt/esp-idf/tools/idf.py'
ESP-ROM:esp32c3-api1-20210207
Build:Feb  7 2021
rst:0x1 (POWERON),boot:0xf (SPI_FAST_FLASH_BOOT)
SPIWP:0xee
mode:DIO, clock div:1
load:0x3fcd5820,len:0x15c4
load:0x403cbf10,len:0xc84
load:0x403ce710,len:0x2fd0
entry 0x403cbf1a
[0;32mI (30) boot: ESP-IDF HEAD-HASH-NOTFOUND 2nd stage bootloader[0m
[0;32mI (30) boot: compile time Feb 15 2026 20:15:15[0m
[0;32mI (30) boot: chip revision: v0.4[0m
[0;32mI (31) boot: efuse block revision: v1.3[0m
[0;32mI (35) boot.esp32c3: SPI Speed      : 80MHz[0m
[0;32mI (39) boot.esp32c3: SPI Mode       : DIO[0m
[0;32mI (43) boot.esp32c3: SPI Flash Size : 2MB[0m
[0;32mI (46) boot: Enabling RNG early entropy source...[0m
[0;32mI (51) boot: Partition Table:[0m
[0;32mI (53) boot: ## Label            Usage          Type ST Offset   Length[0m
[0;32mI (60) boot:  0 nvs              WiFi data        01 02 00009000 00006000[0m
[0;32mI (66) boot:  1 phy_init         RF data          01 01 0000f000 00001000[0m
[0;32mI (73) boot:  2 factory          factory app      00 00 00010000 00100000[0m
[0;32mI (79) boot: End of partition table[0m
[0;32mI (83) esp_image: segment 0: paddr=00010020 vaddr=3c020020 size=08ba0h ( 35744) map[0m
[0;32mI (96) esp_image: segment 1: paddr=00018bc8 vaddr=3fc8bc00 size=01380h (  4992) load[0m
[0;32mI (98) esp_image: segment 2: paddr=00019f50 vaddr=40380000 size=060c8h ( 24776) load[0m
[0;32mI (109) esp_image: segment 3: paddr=00020020 vaddr=42000020 size=13288h ( 78472) map[0m
[0;32mI (125) esp_image: segment 4: paddr=000332b0 vaddr=403860c8 size=05ab4h ( 23220) load[0m
[0;32mI (129) esp_image: segment 5: paddr=00038d6c vaddr=50000000 size=00020h (    32) load[0m
[0;32mI (133) boot: Loaded app from partition at offset 0x10000[0m
[0;32mI (134) boot: Disabling RNG early entropy source...[0m
[0;32mI (150) cpu_start: Unicore app[0m
[0;32mI (158) cpu_start: GPIO 20 and 21 are used as console UART I/O pins[0m
[0;32mI (158) cpu_start: Pro cpu start user code[0m
[0;32mI (158) cpu_start: cpu freq: 160000000 Hz[0m
[0;32mI (160) app_init: Application information:[0m
[0;32mI (164) app_init: Project name:     lora-test1rx[0m
[0;32mI (168) app_init: App version:      1[0m
[0;32mI (172) app_init: Compile time:     Feb 15 2026 20:15:11[0m
[0;32mI (177) app_init: ELF file SHA256:  065ba3d2d...[0m
[0;32mI (181) app_init: ESP-IDF:          HEAD-HASH-NOTFOUND[0m
[0;32mI (186) efuse_init: Min chip rev:     v0.3[0m
[0;32mI (190) efuse_init: Max chip rev:     v1.99 [0m
[0;32mI (194) efuse_init: Chip rev:         v0.4[0m
[0;32mI (198) heap_init: Initializing. RAM available for dynamic allocation:[0m
[0;32mI (204) heap_init: At 3FC8DE40 len 000321C0 (200 KiB): RAM[0m
[0;32mI (209) heap_init: At 3FCC0000 len 0001C710 (113 KiB): Retention RAM[0m
[0;32mI (215) heap_init: At 3FCDC710 len 00002950 (10 KiB): Retention RAM[0m
[0;32mI (221) heap_init: At 50000020 len 00001FC8 (7 KiB): RTCRAM[0m
[0;32mI (227) spi_flash: detected chip: generic[0m
[0;32mI (230) spi_flash: flash io: dio[0m
[0;33mW (233) spi_flash: Detected size(4096k) larger than the size in the binary image header(2048k). Using the size in the binary image header.[0m
[0;32mI (245) sleep_gpio: Configure to isolate all GPIO pins in sleep state[0m
[0;32mI (252) sleep_gpio: Enable automatic switching of GPIO sleep configuration[0m
[0;32mI (258) main_task: Started on CPU0[0m
[0;32mI (268) main_task: Calling app_main()[0m
[1;31mE (268) uart: uart_read_bytes(1666): uart driver error[0m
[0;32mI (268) RYLR998_RX_TEST: Recv from device str: Tï¿½ï¿½?Tï¿½ï¿½?ï¿½7Gï¿½/ï¿½Uï¿½ï¿½ITï¿½ï¿½ï¿½ï¿½ï¿½'ï¿½Prï¿½ï¿½ï¿½c2ï¿½ï¿½ï¿½ï¿½ï¿½ï¿½ï¿½[&wï¿½Gï¿½ï¿½}~F.UZoyï¿½Lï¿½oï¿½ï¿½ÞŠ_qRÑ”ß¾ï¿½/6ï¿½zQ9ï¿½fï¿½5ï¿½&ï¿½@Vï¿½ï¿½Zï¿½ï¿½ï¿½ï¿½ï¿½|"ï¿½ï¿½lYï¿½:ï¿½>O]H78ï¿½ï¿½ï¿½ï¿½Fï¿½ï¿½ï¿½ï¿½ï¿½%%ï¿½t6zï¿½2ï¿½	vï¿½ï¿½5ï¿½A6Fï¿½]ï¿½mv'ï¿½ï¿½ï¿½ï¿½3ï¿½Æ‡ï¿½9ï¿½Ucï¿½zï¿½ï¿½vTï¿½ï¿½ï¿½ï¿½ï¿½#Zï¿½Nwï¿½fmï¿½kî«¬Cï¿½Yï¿½ï¿½ï¿½^ï¿½ï¿½ï¿½ï¿½Hï¿½ï¿½Kï¿½ 	[0mvï¿½ï¿½6ï¿½ï¿½VKPï¿½=ï¿½Oï¿½ï¿½=ï¿½ï¿½ï¿½ï¿½Pï¿½ï¿½ï¿½vï¿½Uï¿½Wï¿½ï¿½ï¿½kï¿½	ï¿½A	mï¿½K>ï¿½Tmhï¿½70ï¿½Ì¸ï¿½)$ï¿½ï¿½ï¿½ï¿½ï¿½dï¿½J%WØ«ï¿½~ï¿½` ï¿½ï¿½ï¿½Xpï¿½ï¿½Uï¿½ï¿½ï¿½ï¿½Amï¿½R\ï¿½ï¿½c71
ï¿½8#2*Pï¿½6Mï¿½xï¿½/ï¿½3~ï¿½>ï¿½ï¿½ï¿½ï¤½ï¿½ï¿½N:ï¿½;>wï¿½FSï¿½vï¿½ï¿½Í¬oCï¿½ï¿½nï¿½ï¿½GZï¿½ï¿½Yï¿½`Y=ï¿½ï¿½ï¿½ï¿½Ofï¿½8jï¿½Uï¿½fBï¿½M}Fï¿½&ï¿½J'ï¿½ï¿½nï¿½"1"dï¿½^ï¿½2(ï¿½Ò¼ï¿½yï¿½Kï¿½jKxï¿½ï¿½Fï¿½ï¿½{ï¿½ï¿½ï¿½oï¿½ï¿½ fï¿½iï¿½ï¿½5ï¿½ï¿½ï¿½zï¿½ï¿½zCï¿½9Tzï¿½$+ï¿½oï¿½Lï¿½ï¿½Õ¤Rï¿½!ï¿½ï¿½Âžï¿½(ï¿½ï¿½#c"*	Uï¿½ï¿½[Ù¥ï¿½Iï¿½Rï¿½ï¿½Nï¿½ï¿½TIeHSXdn)Cï¿½ï¿½fï¿½ï¿½Bï¿½,ï¿½Xï¿½{ï¿½M2ï¿½É˜ï¿½Scï¿½ï¿½zmqï¿½ï¿½*7ï¿½qXï¿½6Hï¿½ï¿½3^Ë›ï¿½ï¿½É€ï¿½ï¿½\ï¿½@
 /ÚŒtaï¿½ï¿½
[0;32mI (328) main_task: Returned from app_main()[0m
[1;31mE (3328) uart: uart_read_bytes(1666): uart driver error[0m
[0;32mI (3328) RYLR998_RX_TEST: Recv from device str: Tï¿½ï¿½?Tï¿½ï¿½?ï¿½7Gï¿½/ï¿½Uï¿½ï¿½ITï¿½ï¿½ï¿½ï¿½ï¿½'ï¿½Prï¿½ï¿½ï¿½c2ï¿½ï¿½ï¿½ï¿½ï¿½ï¿½ï¿½[&wï¿½Gï¿½ï¿½}~F.UZoyï¿½Lï¿½oï¿½ï¿½ÞŠ_qRÑ”ß¾ï¿½/6ï¿½zQ9ï¿½fï¿½5ï¿½&ï¿½@Vï¿½ï¿½Zï¿½ï¿½ï¿½ï¿½ï¿½|"ï¿½ï¿½lYï¿½:ï¿½>O]H78ï¿½ï¿½ï¿½ï¿½Fï¿½ï¿½ï¿½ï¿½ï¿½%%ï¿½t6zï¿½2ï¿½	vï¿½ï¿½5ï¿½A6Fï¿½]ï¿½mv'ï¿½ï¿½ï¿½ï¿½3ï¿½Æ‡ï¿½9ï¿½Ucï¿½zï¿½ï¿½vTï¿½ï¿½ï¿½ï¿½ï¿½#Zï¿½Nwï¿½fmï¿½kî«¬Cï¿½Yï¿½ï¿½ï¿½^ï¿½ï¿½ï¿½ï¿½Hï¿½ï¿½Kï¿½ 	[0mvï¿½ï¿½6ï¿½ï¿½VKPï¿½=ï¿½Oï¿½ï¿½=ï¿½ï¿½ï¿½ï¿½Pï¿½ï¿½ï¿½vï¿½Uï¿½Wï¿½ï¿½ï¿½kï¿½	ï¿½A	mï¿½K>ï¿½Tmhï¿½70ï¿½Ì¸ï¿½)$ï¿½ï¿½ï¿½ï¿½ï¿½dï¿½J%WØ«ï¿½~ï¿½` ï¿½ï¿½ï¿½Xpï¿½ï¿½Uï¿½ï¿½ï¿½ï¿½Amï¿½R\ï¿½ï¿½c71
ï¿½8#2*Pï¿½6Mï¿½xï¿½/ï¿½3~ï¿½>ï¿½ï¿½ï¿½ï¤½ï¿½ï¿½N:ï¿½;>wï¿½FSï¿½vï¿½ï¿½Í¬oCï¿½ï¿½nï¿½ï¿½GZï¿½ï¿½Yï¿½`Y=ï¿½ï¿½ï¿½ï¿½Ofï¿½8jï¿½Uï¿½fBï¿½M}Fï¿½&ï¿½J'ï¿½ï¿½nï¿½"1"dï¿½^ï¿½2(ï¿½Ò¼ï¿½yï¿½Kï¿½jKxï¿½ï¿½Fï¿½ï¿½{ï¿½ï¿½ï¿½oï¿½ï¿½ fï¿½iï¿½ï¿½5ï¿½ï¿½ï¿½zï¿½ï¿½zCï¿½9Tzï¿½$+ï¿½oï¿½Lï¿½ï¿½Õ¤Rï¿½!ï¿½ï¿½Âžï¿½(ï¿½ï¿½#c"*	Uï¿½ï¿½[Ù¥ï¿½Iï¿½Rï¿½ï¿½Nï¿½ï¿½TIeHSXdn)Cï¿½ï¿½fï¿½ï¿½Bï¿½,ï¿½Xï¿½{ï¿½M2ï¿½É˜ï¿½Scï¿½ï¿½zmqï¿½ï¿½*7ï¿½qXï¿½6Hï¿½ï¿½3^Ë›ï¿½ï¿½É€ï¿½ï¿½\ï¿½@
 /ÚŒtaï¿½ï¿½
[1;31mE (6378) uart: uart_read_bytes(1666): uart driver error[0m
[0;32mI (6378) RYLR998_RX_TEST: Recv from device str: Tï¿½ï¿½?Tï¿½ï¿½?ï¿½7Gï¿½/ï¿½Uï¿½ï¿½ITï¿½ï¿½ï¿½ï¿½ï¿½'ï¿½Prï¿½ï¿½ï¿½c2ï¿½ï¿½ï¿½ï¿½ï¿½ï¿½ï¿½[&wï¿½Gï¿½ï¿½}~F.UZoyï¿½Lï¿½oï¿½ï¿½ÞŠ_qRÑ”ß¾ï¿½/6ï¿½zQ9ï¿½fï¿½5ï¿½&ï¿½@Vï¿½ï¿½Zï¿½ï¿½ï¿½ï¿½ï¿½|"ï¿½ï¿½lYï¿½:ï¿½>O]H78ï¿½ï¿½ï¿½ï¿½Fï¿½ï¿½ï¿½ï¿½ï¿½%%ï¿½t6zï¿½2ï¿½	vï¿½ï¿½5ï¿½A6Fï¿½]ï¿½mv'ï¿½ï¿½ï¿½ï¿½3ï¿½Æ‡ï¿½9ï¿½Ucï¿½zï¿½ï¿½vTï¿½ï¿½ï¿½ï¿½ï¿½#Zï¿½Nwï¿½fmï¿½kî«¬Cï¿½Yï¿½ï¿½ï¿½^ï¿½ï¿½ï¿½ï¿½Hï¿½ï¿½Kï¿½ 	[0mvï¿½ï¿½6ï¿½ï¿½VKPï¿½=ï¿½Oï¿½ï¿½=ï¿½ï¿½ï¿½ï¿½Pï¿½ï¿½ï¿½vï¿½Uï¿½Wï¿½ï¿½ï¿½kï¿½	ï¿½A	mï¿½K>ï¿½Tmhï¿½70ï¿½Ì¸ï¿½)$ï¿½ï¿½ï¿½ï¿½ï¿½dï¿½J%WØ«ï¿½~ï¿½` ï¿½ï¿½ï¿½Xpï¿½ï¿½Uï¿½ï¿½ï¿½ï¿½Amï¿½R\ï¿½ï¿½c71
