Command: /home/yabi/.espressif/python_env/idf5.5_py3.14_env/bin/python /opt/esp-idf/tools/idf_monitor.py -p /dev/ttyUSB0 -b 115200 --toolchain-prefix riscv32-esp-elf- --target esp32c3 --revision 3 --decode-panic backtrace /home/yabi/skool/6900/prototyping/rx-multi-task/build/rx-multi-task.elf /home/yabi/skool/6900/prototyping/rx-multi-task/build/bootloader/bootloader.elf -m '/home/yabi/.espressif/python_env/idf5.5_py3.14_env/bin/python' '/opt/esp-idf/tools/idf.py'
( 32360) load
[0;32mI (133) esp_image: segment 5: paddr=0003e60c vaddr=50000000 size=00020h (    32) load[0m
[0;32mI (137) boot: Loaded app from parï¿½ESP-ROM:esp32c3-api1-20210207[0m
Build:Feb  7 2021
rst:0x1 (POWERON),boot:0xf (SPI_FAST_FLASH_BOOT)
SPIWP:0xee
mode:DIO, clock div:1
load:0x3fcd5820,len:0x15c4
load:0x403cbf10,len:0xc84
load:0x403ce710,len:0x2fd0
entry 0x403cbf1a
[0;32mI (30) boot: ESP-IDF HEAD-HASH-NOTFOUND 2nd stage bootloader[0m
[0;32mI (30) boot: compile time Feb 17 2026 09:10:51[0m
[0;32mI (30) boot: chip revision: v0.4[0m
[0;32mI (31) boot: efuse block revision: v1.3[0m
[0;32mI (35) boot.esp32c3: SPI Speed      : 80MHz[0m
[0;32mI (39) boot.esp32c3: SPI Mode       : DIO[0m
[0;32mI (43) boot.esp32c3: SPI Flash Size : 2MB[0m
[0;32mI (46) boot: Enabling RNG early entropy source...[0m
[0;32mI (51) boot: Partition Table:[0m
[0;32mI (53) boot: ## Label            Usage          Type ST Offset   Length[0m
[0;32mI (60) boot:  0 nvs              WiFi data        01 02 00009000 00006000[0m
[0;32mI (66) boot:  1 phy_init         RF data          01 01 0000f000 00001000[0m
[0;32mI (73) boot:  2 factory          factory app      00 00 00010000 00100000[0m
[0;32mI (79) boot: End of partition table[0m
[0;32mI (83) esp_image: segment 0: paddr=00010020 vaddr=3c020020 size=09c30h ( 39984) map[0m
[0;32mI (96) esp_image: segment 1: paddr=00019c58 vaddr=3fc8d000 size=013a8h (  5032) load[0m
[0;32mI (98) esp_image: segment 2: paddr=0001b008 vaddr=40380000 size=05010h ( 20496) load[0m
[0;32mI (109) esp_image: segment 3: paddr=00020020 vaddr=42000020 size=16774h ( 92020) map[0m
[0;32mI (127) esp_image: segment 4: paddr=0003679c vaddr=40385010 size=07e68h ( 32360) load[0m
[0;32mI (133) esp_image: segment 5: paddr=0003e60c vaddr=50000000 size=00020h (    32) load[0m
[0;32mI (137) boot: Loaded app from partition at offset 0x10000[0m
[0;32mI (137) boot: Disabling RNG early entropy source...[0m
[0;32mI (152) cpu_start: Unicore app[0m
[0;32mI (160) cpu_start: GPIO 20 and 21 are used as console UART I/O pins[0m
[0;32mI (160) cpu_start: Pro cpu start user code[0m
[0;32mI (160) cpu_start: cpu freq: 160000000 Hz[0m
[0;32mI (162) app_init: Application information:[0m
[0;32mI (166) app_init: Project name:     rx-multi-task[0m
[0;32mI (171) app_init: App version:      1[0m
[0;32mI (174) app_init: Compile time:     Feb 17 2026 09:10:19[0m
[0;32mI (179) app_init: ELF file SHA256:  8a7493014...[0m
[0;32mI (183) app_init: ESP-IDF:          HEAD-HASH-NOTFOUND[0m
[0;32mI (188) efuse_init: Min chip rev:     v0.3[0m
[0;32mI (192) efuse_init: Max chip rev:     v1.99 [0m
[0;32mI (196) efuse_init: Chip rev:         v0.4[0m
[0;32mI (200) heap_init: Initializing. RAM available for dynamic allocation:[0m
[0;32mI (206) heap_init: At 3FC8F280 len 00030D80 (195 KiB): RAM[0m
[0;32mI (211) heap_init: At 3FCC0000 len 0001C710 (113 KiB): Retention RAM[0m
[0;32mI (217) heap_init: At 3FCDC710 len 00002950 (10 KiB): Retention RAM[0m
[0;32mI (223) heap_init: At 50000020 len 00001FC8 (7 KiB): RTCRAM[0m
[0;32mI (230) spi_flash: detected chip: generic[0m
[0;32mI (232) spi_flash: flash io: dio[0m
[0;33mW (235) spi_flash: Detected size(4096k) larger than the size in the binary image header(2048k). Using the size in the binary image header.[0m
[0;32mI (248) sleep_gpio: Configure to isolate all GPIO pins in sleep state[0m
[0;32mI (254) sleep_gpio: Enable automatic switching of GPIO sleep configuration[0m
[0;32mI (261) main_task: Started on CPU0[0m
[0;32mI (271) main_task: Calling app_main()[0m
[0;32mI (271) main_task: Returned from app_main()[0m
[0;32mI (1291) RYLR998_RX_TEST: Recv from device str: +OK[0m
+OK
+OK
+OK

[0;32mI (1266) main_task: Returned from app_main()[0m
[0;32mI (1386) RYLR998_TX_TEST: Recv from device str: +READY[0m
+ERR=4
+OK
+OK

[0;32mI (3506) RYLR998_TX_TEST: Recv from device str: +OK[0m

[0;32mI (5626) RYLR998_TX_TEST: Recv from device str: +OK[0m

[0;32mI (1291) RYLR998_RX_TEST: Recv from device str: +OK[0m
+OK
+OK
+OK

[0;32mI (4311) RYLR998_RX_TEST: Recv from device str: +RCV=0,20,TEMP=24.54,HUM=32.10,-19,8[0m

[0;32mI (7331) RYLR998_RX_TEST: Recv from device str: +RCV=0,20,TEMP=24.55,HUM=31.39,-21,8[0m
+RCV=0,20,TEMP=24.54,HUM=30.97,-21,9

[0;32mI (10351) RYLR998_RX_TEST: Recv from device str: +RCV=0,20,TEMP=24.57,HUM=30.59,-21,8[0m

[0;32mI (13371) RYLR998_RX_TEST: Recv from device str: +RCV=0,20,TEMP=24.57,HUM=30.46,-21,8[0m

[0;32mI (16391) RYLR998_RX_TEST: Recv from device str: +RCV=0,20,TEMP=24.59,HUM=30.37,-21,8[0m
+RCV=0,20,TEMP=24.59,HUM=30.21,-21,8

[0;32mI (19411) RYLR998_RX_TEST: Recv from device str: +RCV=0,20,TEMP=24.61,HUM=30.18,-21,9[0m

[0;32mI (22431) RYLR998_RX_TEST: Recv from device str: +RCV=0,20,TEMP=24.63,HUM=30.14,-20,8[0m
+RCV=0,20,TEMP=24.62,HUM=30.06,-21,8

[0;32mI (25451) RYLR998_RX_TEST: Recv from device str: +RCV=0,20,TEMP=24.65,HUM=30.05,-21,9[0m

[0;32mI (28471) RYLR998_RX_TEST: Recv from device str: +RCV=0,20,TEMP=24.66,HUM=30.00,-21,9[0m
+RCV=0,20,TEMP=24.68,HUM=30.03,-21,8

[0;32mI (31491) RYLR998_RX_TEST: Recv from device str: +RCV=0,20,TEMP=24.70,HUM=30.06,-20,8[0m

[0;32mI (34511) RYLR998_RX_TEST: Recv from device str: +RCV=0,20,TEMP=24.69,HUM=30.04,-21,8[0m

[0;32mI (37531) RYLR998_RX_TEST: Recv from device str: +RCV=0,20,TEMP=24.72,HUM=29.94,-21,8[0m
+RCV=0,20,TEMP=24.73,HUM=29.91,-21,9

[0;32mI (40551) RYLR998_RX_TEST: Recv from device str: +RCV=0,20,TEMP=24.76,HUM=29.89,-21,9[0m

[0;32mI (43571) RYLR998_RX_TEST: Recv from device str: +RCV=0,20,TEMP=24.75,HUM=30.02,-21,8[0m
+RCV=0,20,TEMP=24.79,HUM=30.04,-21,9

[0;32mI (46591) RYLR998_RX_TEST: Recv from device str: +RCV=0,20,TEMP=24.77,HUM=29.98,-20,9[0m

[0;32mI (49611) RYLR998_RX_TEST: Recv from device str: +RCV=0,20,TEMP=24.81,HUM=29.89,-21,9[0m
+RCV=0,20,TEMP=24.81,HUM=29.93,-21,8

[0;32mI (52631) RYLR998_RX_TEST: Recv from device str: +RCV=0,20,TEMP=24.83,HUM=29.87,-21,8[0m

[0;32mI (55651) RYLR998_RX_TEST: Recv from device str: +RCV=0,20,TEMP=24.84,HUM=29.80,-21,9[0m

[0;32mI (58671) RYLR998_RX_TEST: Recv from device str: +RCV=0,20,TEMP=24.85,HUM=29.71,-21,8[0m
+RCV=0,20,TEMP=24.88,HUM=29.73,-21,9

[0;32mI (61691) RYLR998_RX_TEST: Recv from device str: +RCV=0,20,TEMP=24.90,HUM=29.67,-21,9[0m

[0;32mI (64711) RYLR998_RX_TEST: Recv from device str: +RCV=0,20,TEMP=24.89,HUM=29.66,-21,8[0m
+RCV=0,20,TEMP=24.93,HUM=29.60,-21,8

[0;32mI (67731) RYLR998_RX_TEST: Recv from device str: +RCV=0,20,TEMP=24.94,HUM=29.60,-21,9[0m

[0;32mI (70751) RYLR998_RX_TEST: Recv from device str: +RCV=0,20,TEMP=24.96,HUM=29.60,-21,8[0m

[0;32mI (73771) RYLR998_RX_TEST: Recv from device str: +RCV=0,20,TEMP=24.96,HUM=29.57,-21,8[0m
+RCV=0,20,TEMP=24.98,HUM=29.55,-21,9

[0;32mI (76791) RYLR998_RX_TEST: Recv from device str: +RCV=0,20,TEMP=25.01,HUM=29.59,-21,8[0m

[0;32mI (79811) RYLR998_RX_TEST: Recv from device str: +RCV=0,20,TEMP=25.04,HUM=29.55,-21,8[0m
+RCV=0,20,TEMP=25.03,HUM=29.50,-21,8

[0;32mI (82831) RYLR998_RX_TEST: Recv from device str: +RCV=0,20,TEMP=25.05,HUM=29.48,-21,8[0m

[0;32mI (85851) RYLR998_RX_TEST: Recv from device str: +RCV=0,20,TEMP=25.08,HUM=29.45,-21,8[0m
+RCV=0,20,TEMP=25.11,HUM=29.35,-21,9

[0;32mI (88871) RYLR998_RX_TEST: Recv from device str: +RCV=0,20,TEMP=25.09,HUM=29.36,-21,9[0m

[0;32mI (91891) RYLR998_RX_TEST: Recv from device str: +RCV=0,20,TEMP=25.12,HUM=29.31,-21,9[0m

[0;32mI (1291) RYLR998_RX_TEST: Recv from device str: +OK[0m
+OK
+OK
+OK

[0;32mI (4311) RYLR998_RX_TEST: Recv from device str: +RCV=0,20,TEMP=25.83,HUM=30.79,-21,8[0m
+RCV=0,20,TEMP=25.81,HUM=30.25,-21,9

[0;32mI (7331) RYLR998_RX_TEST: Recv from device str: +RCV=0,20,TEMP=25.85,HUM=29.60,-22,8[0m

[0;32mI (10351) RYLR998_RX_TEST: Recv from device str: +RCV=0,20,TEMP=25.85,HUM=29.18,-22,8[0m

